
  .   ____          _            __ _ _
 /\\ / ___'_ __ _ _(_)_ __  __ _ \ \ \ \
( ( )\___ | '_ | '_| | '_ \/ _` | \ \ \ \
 \\/  ___)| |_)| | | | | || (_| |  ) ) ) )
  '  |____| .__|_| |_|_| |_\__, | / / / /
 =========|_|==============|___/=/_/_/_/

 :: Spring Boot ::                (v3.5.6)

2025-11-08T16:36:54.806-03:00  INFO 17232 --- [projeto-banco-ifsertaope] [           main] c.s.p.ProjetoBancoIfsertaopeApplication  : Starting ProjetoBancoIfsertaopeApplication v0.0.1-SNAPSHOT using Java 21.0.8 with PID 17232 (C:\Users\luiz\Documents\PROJETO GUSTAVO A LENDA\projeto-banco-ifsertaope\projeto-banco-ifsertaope\target\projeto-banco-ifsertaope-0.0.1-SNAPSHOT.jar started by luiz in C:\Users\luiz\Documents\PROJETO GUSTAVO A LENDA\projeto-banco-ifsertaope\projeto-banco-ifsertaope)
2025-11-08T16:36:54.810-03:00  INFO 17232 --- [projeto-banco-ifsertaope] [           main] c.s.p.ProjetoBancoIfsertaopeApplication  : No active profile set, falling back to 1 default profile: "default"
2025-11-08T16:36:55.617-03:00  INFO 17232 --- [projeto-banco-ifsertaope] [           main] .s.d.r.c.RepositoryConfigurationDelegate : Bootstrapping Spring Data JPA repositories in DEFAULT mode.
2025-11-08T16:36:55.710-03:00  INFO 17232 --- [projeto-banco-ifsertaope] [           main] .s.d.r.c.RepositoryConfigurationDelegate : Finished Spring Data repository scanning in 72 ms. Found 2 JPA repository interfaces.
2025-11-08T16:36:56.301-03:00  INFO 17232 --- [projeto-banco-ifsertaope] [           main] o.s.b.w.embedded.tomcat.TomcatWebServer  : Tomcat initialized with port 8080 (http)
2025-11-08T16:36:56.325-03:00  INFO 17232 --- [projeto-banco-ifsertaope] [           main] o.apache.catalina.core.StandardService   : Starting service [Tomcat]
2025-11-08T16:36:56.326-03:00  INFO 17232 --- [projeto-banco-ifsertaope] [           main] o.apache.catalina.core.StandardEngine    : Starting Servlet engine: [Apache Tomcat/10.1.46]
2025-11-08T16:36:56.356-03:00  INFO 17232 --- [projeto-banco-ifsertaope] [           main] o.a.c.c.C.[Tomcat].[localhost].[/]       : Initializing Spring embedded WebApplicationContext
2025-11-08T16:36:56.357-03:00  INFO 17232 --- [projeto-banco-ifsertaope] [           main] w.s.c.ServletWebServerApplicationContext : Root WebApplicationContext: initialization completed in 1496 ms
2025-11-08T16:36:56.453-03:00  INFO 17232 --- [projeto-banco-ifsertaope] [           main] com.zaxxer.hikari.HikariDataSource       : HikariPool-1 - Starting...
2025-11-08T16:36:56.644-03:00  INFO 17232 --- [projeto-banco-ifsertaope] [           main] com.zaxxer.hikari.pool.HikariPool        : HikariPool-1 - Added connection conn0: url=jdbc:h2:mem:testdb user=SA
2025-11-08T16:36:56.646-03:00  INFO 17232 --- [projeto-banco-ifsertaope] [           main] com.zaxxer.hikari.HikariDataSource       : HikariPool-1 - Start completed.
2025-11-08T16:36:56.711-03:00  INFO 17232 --- [projeto-banco-ifsertaope] [           main] o.hibernate.jpa.internal.util.LogHelper  : HHH000204: Processing PersistenceUnitInfo [name: default]
2025-11-08T16:36:56.764-03:00  INFO 17232 --- [projeto-banco-ifsertaope] [           main] org.hibernate.Version                    : HHH000412: Hibernate ORM core version 6.6.29.Final
2025-11-08T16:36:56.799-03:00  INFO 17232 --- [projeto-banco-ifsertaope] [           main] o.h.c.internal.RegionFactoryInitiator    : HHH000026: Second-level cache disabled
2025-11-08T16:36:57.062-03:00  INFO 17232 --- [projeto-banco-ifsertaope] [           main] o.s.o.j.p.SpringPersistenceUnitInfo      : No LoadTimeWeaver setup: ignoring JPA class transformer
2025-11-08T16:36:57.144-03:00  INFO 17232 --- [projeto-banco-ifsertaope] [           main] org.hibernate.orm.connections.pooling    : HHH10001005: Database info:
	Database JDBC URL [Connecting through datasource 'HikariDataSource (HikariPool-1)']
	Database driver: undefined/unknown
	Database version: 2.3.232
	Autocommit mode: undefined/unknown
	Isolation level: undefined/unknown
	Minimum pool size: undefined/unknown
	Maximum pool size: undefined/unknown
2025-11-08T16:36:57.755-03:00  INFO 17232 --- [projeto-banco-ifsertaope] [           main] o.h.e.t.j.p.i.JtaPlatformInitiator       : HHH000489: No JTA platform available (set 'hibernate.transaction.jta.platform' to enable JTA platform integration)
2025-11-08T16:36:57.792-03:00  INFO 17232 --- [projeto-banco-ifsertaope] [           main] j.LocalContainerEntityManagerFactoryBean : Initialized JPA EntityManagerFactory for persistence unit 'default'
2025-11-08T16:36:58.148-03:00  WARN 17232 --- [projeto-banco-ifsertaope] [           main] JpaBaseConfiguration$JpaWebConfiguration : spring.jpa.open-in-view is enabled by default. Therefore, database queries may be performed during view rendering. Explicitly configure spring.jpa.open-in-view to disable this warning
2025-11-08T16:36:58.192-03:00  INFO 17232 --- [projeto-banco-ifsertaope] [           main] r$InitializeUserDetailsManagerConfigurer : Global AuthenticationManager configured with UserDetailsService bean with name customUserDetalisServer
2025-11-08T16:36:58.681-03:00  WARN 17232 --- [projeto-banco-ifsertaope] [           main] ConfigServletWebServerApplicationContext : Exception encountered during context initialization - cancelling refresh attempt: org.springframework.context.ApplicationContextException: Failed to start bean 'webServerStartStop'
2025-11-08T16:36:58.683-03:00  INFO 17232 --- [projeto-banco-ifsertaope] [           main] j.LocalContainerEntityManagerFactoryBean : Closing JPA EntityManagerFactory for persistence unit 'default'
2025-11-08T16:36:58.687-03:00  INFO 17232 --- [projeto-banco-ifsertaope] [           main] com.zaxxer.hikari.HikariDataSource       : HikariPool-1 - Shutdown initiated...
2025-11-08T16:36:58.689-03:00  INFO 17232 --- [projeto-banco-ifsertaope] [           main] com.zaxxer.hikari.HikariDataSource       : HikariPool-1 - Shutdown completed.
2025-11-08T16:36:58.699-03:00  INFO 17232 --- [projeto-banco-ifsertaope] [           main] .s.b.a.l.ConditionEvaluationReportLogger : 

Error starting ApplicationContext. To display the condition evaluation report re-run your application with 'debug' enabled.
2025-11-08T16:36:58.716-03:00 ERROR 17232 --- [projeto-banco-ifsertaope] [           main] o.s.b.d.LoggingFailureAnalysisReporter   : 

***************************
APPLICATION FAILED TO START
***************************

Description:

Web server failed to start. Port 8080 was already in use.

Action:

Identify and stop the process that's listening on port 8080 or configure this application to listen on another port.

